###basic_repo steps

Chads-MacBook-Pro:CodingDojo ChadClark$ cd GitChapter
Chads-MacBook-Pro:GitChapter ChadClark$ mkdir basic_repo
Chads-MacBook-Pro:GitChapter ChadClark$ cd basic_repo
Chads-MacBook-Pro:basic_repo ChadClark$ touch index.html
Chads-MacBook-Pro:basic_repo ChadClark$ touch style.css
Chads-MacBook-Pro:basic_repo ChadClark$ open .
Chads-MacBook-Pro:basic_repo ChadClark$ git init
Initialized empty Git repository in /Users/ChadClark/Desktop/CodingDojo/GitChapter/basic_repo/.git/
Chads-MacBook-Pro:basic_repo ChadClark$ git status
On branch master

Initial commit

Untracked files:
  (use "git add <file>..." to include in what will be committed)

	index.html
	style.css

nothing added to commit but untracked files present (use "git add" to track)
Chads-MacBook-Pro:basic_repo ChadClark$ git add .
Chads-MacBook-Pro:basic_repo ChadClark$ git commit -m "first commit"
[master (root-commit) 2a04c37] first commit
 2 files changed, 13 insertions(+)
 create mode 100644 index.html
 create mode 100644 style.css
Chads-MacBook-Pro:basic_repo ChadClark$ git status
On branch master
nothing to commit, working directory clean
Chads-MacBook-Pro:basic_repo ChadClark$ git remote add origin https://github.com/chadclark1/basic_repo.git
Chads-MacBook-Pro:basic_repo ChadClark$ git push -u origin master
Counting objects: 4, done.
Delta compression using up to 8 threads.
Compressing objects: 100% (3/3), done.
Writing objects: 100% (4/4), 345 bytes | 0 bytes/s, done.
Total 4 (delta 0), reused 0 (delta 0)
To https://github.com/chadclark1/basic_repo.git
 * [new branch]      master -> master
Branch master set up to track remote branch master from origin.
Chads-MacBook-Pro:basic_repo ChadClark$ git status
On branch master
Your branch is up-to-date with 'origin/master'.
Changes not staged for commit:
  (use "git add <file>..." to update what will be committed)
  (use "git checkout -- <file>..." to discard changes in working directory)

	modified:   index.html

no changes added to commit (use "git add" and/or "git commit -a")
Chads-MacBook-Pro:basic_repo ChadClark$ git add .
Chads-MacBook-Pro:basic_repo ChadClark$ git commit -m "text editing of index.html"
[master 2ba5488] text editing of index.html
 1 file changed, 3 insertions(+), 2 deletions(-)
Chads-MacBook-Pro:basic_repo ChadClark$ git push origin master
Counting objects: 3, done.
Delta compression using up to 8 threads.
Compressing objects: 100% (3/3), done.
Writing objects: 100% (3/3), 396 bytes | 0 bytes/s, done.
Total 3 (delta 0), reused 0 (delta 0)
To https://github.com/chadclark1/basic_repo.git
   2a04c37..2ba5488  master -> master
Chads-MacBook-Pro:basic_repo ChadClark$ git add .
Chads-MacBook-Pro:basic_repo ChadClark$ git commit -m "linked css to html"
[master 2d22c64] linked css to html
 1 file changed, 1 insertion(+)
Chads-MacBook-Pro:basic_repo ChadClark$ git push origin master
Counting objects: 3, done.
Delta compression using up to 8 threads.
Compressing objects: 100% (3/3), done.
Writing objects: 100% (3/3), 429 bytes | 0 bytes/s, done.
Total 3 (delta 0), reused 0 (delta 0)
To https://github.com/chadclark1/basic_repo.git
   2ba5488..2d22c64  master -> master
Chads-MacBook-Pro:basic_repo ChadClark$ touch basic_repo.txt
Chads-MacBook-Pro:basic_repo ChadClark$ open .
Chads-MacBook-Pro:basic_repo ChadClark$ 
